[debug] [2026-08-23T12:15:39.695Z] ----------------------------------------------------------------------
[debug] [2026-08-23T12:15:39.696Z] Command:       /opt/homebrew/Cellar/node/26.7.0/bin/node /opt/homebrew/bin/firebase deploy --only functions:checkLotteryResults
[debug] [2026-08-23T12:15:39.696Z] CLI Version:   15.28.1
[debug] [2026-08-23T12:15:39.696Z] Platform:      darwin
[debug] [2026-08-23T12:15:39.696Z] Node Version:  v26.7.0
[debug] [2026-08-23T12:15:39.696Z] Detected Agent: cursor
[debug] [2026-08-23T12:15:39.696Z] Time:          Sun Aug 23 2026 15:15:39 GMT+0300 (Israel Daylight Time)
[debug] [2026-08-23T12:15:39.696Z] ----------------------------------------------------------------------
[debug] 
[debug] [2026-08-23T12:15:39.941Z] > command requires scopes: ["email","openid","https://www.googleapis.com/auth/cloudplatformprojects.readonly","https://www.googleapis.com/auth/firebase","https://www.googleapis.com/auth/cloud-platform"]
[debug] [2026-08-23T12:15:39.941Z] > authorizing via signed-in user (eliran.neeman@gmail.com)
[debug] [2026-08-23T12:15:39.941Z] [iam] checking project loto-hot for permissions ["cloudfunctions.functions.create","cloudfunctions.functions.delete","cloudfunctions.functions.get","cloudfunctions.functions.list","cloudfunctions.functions.update","cloudfunctions.operations.get","firebase.projects.get"]
[debug] [2026-08-23T12:15:39.946Z] Checked if tokens are valid: true, expires at: 1787488981891
[debug] [2026-08-23T12:15:39.946Z] Checked if tokens are valid: true, expires at: 1787488981891
[debug] [2026-08-23T12:15:39.946Z] >>> [apiv2][query] POST https://cloudresourcemanager.googleapis.com/v1/projects/loto-hot:testIamPermissions [none]
[debug] [2026-08-23T12:15:39.946Z] >>> [apiv2][(partial)header] POST https://cloudresourcemanager.googleapis.com/v1/projects/loto-hot:testIamPermissions  x-goog-user-project=loto-hot
[debug] [2026-08-23T12:15:39.946Z] >>> [apiv2][body] POST https://cloudresourcemanager.googleapis.com/v1/projects/loto-hot:testIamPermissions {"permissions":["cloudfunctions.functions.create","cloudfunctions.functions.delete","cloudfunctions.functions.get","cloudfunctions.functions.list","cloudfunctions.functions.update","cloudfunctions.operations.get","firebase.projects.get"]}
[debug] [2026-08-23T12:15:40.434Z] <<< [apiv2][status] POST https://cloudresourcemanager.googleapis.com/v1/projects/loto-hot:testIamPermissions 200
[debug] [2026-08-23T12:15:40.434Z] <<< [apiv2][body] POST https://cloudresourcemanager.googleapis.com/v1/projects/loto-hot:testIamPermissions {"permissions":["cloudfunctions.functions.create","cloudfunctions.functions.delete","cloudfunctions.functions.get","cloudfunctions.functions.list","cloudfunctions.functions.update","cloudfunctions.operations.get","firebase.projects.get"]}
[debug] [2026-08-23T12:15:40.435Z] Checked if tokens are valid: true, expires at: 1787488981891
[debug] [2026-08-23T12:15:40.435Z] Checked if tokens are valid: true, expires at: 1787488981891
[debug] [2026-08-23T12:15:40.435Z] >>> [apiv2][query] POST https://iam.googleapis.com/v1/projects/loto-hot/serviceAccounts/loto-hot@appspot.gserviceaccount.com:testIamPermissions [none]
[debug] [2026-08-23T12:15:40.435Z] >>> [apiv2][body] POST https://iam.googleapis.com/v1/projects/loto-hot/serviceAccounts/loto-hot@appspot.gserviceaccount.com:testIamPermissions {"permissions":["iam.serviceAccounts.actAs"]}
[debug] [2026-08-23T12:15:41.568Z] <<< [apiv2][status] POST https://iam.googleapis.com/v1/projects/loto-hot/serviceAccounts/loto-hot@appspot.gserviceaccount.com:testIamPermissions 200
[debug] [2026-08-23T12:15:41.568Z] <<< [apiv2][body] POST https://iam.googleapis.com/v1/projects/loto-hot/serviceAccounts/loto-hot@appspot.gserviceaccount.com:testIamPermissions {"permissions":["iam.serviceAccounts.actAs"]}
[info] 
[info] === Deploying to 'loto-hot'...
[info] 
[info] i  deploying functions 
[debug] [2026-08-23T12:15:41.572Z] Checked if tokens are valid: true, expires at: 1787488981891
[debug] [2026-08-23T12:15:41.572Z] Checked if tokens are valid: true, expires at: 1787488981891
[debug] [2026-08-23T12:15:41.572Z] >>> [apiv2][query] GET https://cloudresourcemanager.googleapis.com/v1/projects/loto-hot [none]
[debug] [2026-08-23T12:15:41.819Z] <<< [apiv2][status] GET https://cloudresourcemanager.googleapis.com/v1/projects/loto-hot 200
[debug] [2026-08-23T12:15:41.819Z] <<< [apiv2][body] GET https://cloudresourcemanager.googleapis.com/v1/projects/loto-hot {"projectNumber":"1078323335501","projectId":"loto-hot","lifecycleState":"ACTIVE","name":"Loto-Hot","labels":{"firebase":"enabled","firebase-core":"disabled"},"createTime":"2025-08-14T21:02:14.240406Z"}
[info] i  functions: preparing codebase default for deployment 
[info] i  functions: ensuring required API cloudfunctions.googleapis.com is enabled... 
[info] i  functions: ensuring required API cloudbuild.googleapis.com is enabled... 
[info] i  artifactregistry: ensuring required API artifactregistry.googleapis.com is enabled... 
[debug] [2026-08-23T12:15:41.821Z] Checked if tokens are valid: true, expires at: 1787488981891
[debug] [2026-08-23T12:15:41.821Z] Checked if tokens are valid: true, expires at: 1787488981891
[debug] [2026-08-23T12:15:41.821Z] >>> [apiv2][query] GET https://firebase.googleapis.com/v1beta1/projects/loto-hot/adminSdkConfig [none]
[debug] [2026-08-23T12:15:42.454Z] <<< [apiv2][status] GET https://firebase.googleapis.com/v1beta1/projects/loto-hot/adminSdkConfig 200
[debug] [2026-08-23T12:15:42.454Z] <<< [apiv2][body] GET https://firebase.googleapis.com/v1beta1/projects/loto-hot/adminSdkConfig {"projectId":"loto-hot","databaseURL":"https://loto-hot-default-rtdb.firebaseio.com","storageBucket":"loto-hot.firebasestorage.app"}
[debug] [2026-08-23T12:15:42.454Z] Checked if tokens are valid: true, expires at: 1787488981891
[debug] [2026-08-23T12:15:42.455Z] Checked if tokens are valid: true, expires at: 1787488981891
[debug] [2026-08-23T12:15:42.455Z] >>> [apiv2][query] GET https://runtimeconfig.googleapis.com/v1beta1/projects/loto-hot/configs [none]
[debug] [2026-08-23T12:15:43.503Z] <<< [apiv2][status] GET https://runtimeconfig.googleapis.com/v1beta1/projects/loto-hot/configs 200
[debug] [2026-08-23T12:15:43.503Z] <<< [apiv2][body] GET https://runtimeconfig.googleapis.com/v1beta1/projects/loto-hot/configs {}
[debug] [2026-08-23T12:15:43.505Z] Validating nodejs source
[debug] [2026-08-23T12:15:43.976Z] > [functions] package.json contents: {
  "name": "lottogun-functions",
  "description": "Daily Pais lottery sync for LottoGun",
  "engines": {
    "node": "22"
  },
  "main": "index.js",
  "private": true,
  "dependencies": {
    "firebase-admin": "^12.7.0",
    "firebase-functions": "^6.3.2"
  }
}
[debug] [2026-08-23T12:15:43.976Z] Building nodejs source
[info] i  functions: Loading and analyzing source code for codebase default to determine what to deploy 
[debug] [2026-08-23T12:15:43.977Z] Could not find functions.yaml. Must use http discovery
[debug] [2026-08-23T12:15:43.980Z] Found firebase-functions binary at '/Users/neeman/Documents/lottogun/functions/node_modules/.bin/firebase-functions'
[info] Serving at port 8268

[debug] [2026-08-23T12:15:44.079Z] Got response from /__/functions.yaml {"endpoints":{"checkLotteryResults":{"availableMemoryMb":256,"timeoutSeconds":120,"minInstances":null,"maxInstances":null,"ingressSettings":null,"concurrency":null,"serviceAccountEmail":null,"vpc":null,"platform":"gcfv2","region":["europe-west1"],"labels":{},"scheduleTrigger":{"schedule":"0 0 * * *","retryConfig":{},"timeZone":"Asia/Jerusalem"},"entryPoint":"checkLotteryResults"},"checkLotteryNow":{"availableMemoryMb":null,"timeoutSeconds":120,"minInstances":null,"maxInstances":null,"ingressSettings":null,"concurrency":null,"serviceAccountEmail":null,"vpc":null,"platform":"gcfv2","region":["europe-west1"],"labels":{},"httpsTrigger":{},"entryPoint":"checkLotteryNow"}},"specVersion":"v1alpha1","requiredAPIs":[{"api":"cloudscheduler.googleapis.com","reason":"Needed for scheduled functions."}],"extensions":{}}
[debug] [2026-08-23T12:15:47.090Z] Checked if tokens are valid: true, expires at: 1787488981891
[debug] [2026-08-23T12:15:47.090Z] Checked if tokens are valid: true, expires at: 1787488981891
[debug] [2026-08-23T12:15:47.090Z] >>> [apiv2][query] GET https://cloudfunctions.googleapis.com/v1/projects/loto-hot/locations/-/functions [none]
[debug] [2026-08-23T12:15:47.941Z] <<< [apiv2][status] GET https://cloudfunctions.googleapis.com/v1/projects/loto-hot/locations/-/functions 200
[debug] [2026-08-23T12:15:47.941Z] <<< [apiv2][body] GET https://cloudfunctions.googleapis.com/v1/projects/loto-hot/locations/-/functions {}
[debug] [2026-08-23T12:15:47.942Z] Checked if tokens are valid: true, expires at: 1787488981891
[debug] [2026-08-23T12:15:47.942Z] Checked if tokens are valid: true, expires at: 1787488981891
[debug] [2026-08-23T12:15:47.942Z] >>> [apiv2][query] GET https://cloudfunctions.googleapis.com/v2/projects/loto-hot/locations/-/functions filter=environment%3D%22GEN_2%22
[debug] [2026-08-23T12:15:49.133Z] <<< [apiv2][status] GET https://cloudfunctions.googleapis.com/v2/projects/loto-hot/locations/-/functions 200
[debug] [2026-08-23T12:15:49.133Z] <<< [apiv2][body] GET https://cloudfunctions.googleapis.com/v2/projects/loto-hot/locations/-/functions {"functions":[{"name":"projects/loto-hot/locations/europe-west1/functions/checkLotteryResults","buildConfig":{"build":"projects/1078323335501/locations/europe-west1/builds/b13c95a3-7e95-44b6-909c-cf6c6e972351","runtime":"nodejs20","entryPoint":"checkLotteryResults","source":{"storageSource":{"bucket":"gcf-v2-sources-1078323335501-europe-west1","object":"checkLotteryResults/function-source.zip","generation":"1787485862955184"}},"environmentVariables":{"GOOGLE_NODE_RUN_SCRIPTS":""},"dockerRepository":"projects/loto-hot/locations/europe-west1/repositories/gcf-artifacts","sourceProvenance":{"resolvedStorageSource":{"bucket":"gcf-v2-sources-1078323335501-europe-west1","object":"checkLotteryResults/function-source.zip","generation":"1787485862955184"}},"dockerRegistry":"ARTIFACT_REGISTRY","serviceAccount":"projects/loto-hot/serviceAccounts/1078323335501-compute@developer.gserviceaccount.com","automaticUpdatePolicy":{}},"serviceConfig":{"service":"projects/loto-hot/locations/europe-west1/services/checklotteryresults","timeoutSeconds":120,"environmentVariables":{"FIREBASE_CONFIG":"{\"projectId\":\"loto-hot\",\"databaseURL\":\"https://loto-hot-default-rtdb.firebaseio.com\",\"storageBucket\":\"loto-hot.firebasestorage.app\"}","GCLOUD_PROJECT":"loto-hot","EVENTARC_CLOUD_EVENT_SOURCE":"projects/loto-hot/locations/europe-west1/services/checkLotteryResults","FUNCTION_REGION":"europe-west1","FUNCTION_TARGET":"checkLotteryResults","LOG_EXECUTION_ID":"true"},"ingressSettings":"ALLOW_ALL","uri":"https://checklotteryresults-3xxnxk3bwa-ew.a.run.app","serviceAccountEmail":"1078323335501-compute@developer.gserviceaccount.com","availableMemory":"256Mi","allTrafficOnLatestRevision":true,"revision":"checklotteryresults-00001-rix","maxInstanceRequestConcurrency":80,"availableCpu":"1"},"state":"ACTIVE","updateTime":"2026-08-23T11:51:46.041694557Z","labels":{"firebase-functions-hash":"3bd24983822feac35be5552712af8221cb226179","deployment-tool":"cli-firebase","deployment-scheduled":"true"},"environment":"GEN_2","url":"https://europe-west1-loto-hot.cloudfunctions.net/checkLotteryResults","createTime":"2026-08-23T11:48:20.927436933Z","satisfiesPzi":true},{"name":"projects/loto-hot/locations/europe-west1/functions/checkLotteryNow","buildConfig":{"build":"projects/1078323335501/locations/europe-west1/builds/48aa5507-1a17-4906-bd1c-bcc65f2eb44b","runtime":"nodejs20","entryPoint":"checkLotteryNow","source":{"storageSource":{"bucket":"gcf-v2-sources-1078323335501-europe-west1","object":"checkLotteryNow/function-source.zip","generation":"1787485699729970"}},"environmentVariables":{"GOOGLE_NODE_RUN_SCRIPTS":""},"dockerRepository":"projects/loto-hot/locations/europe-west1/repositories/gcf-artifacts","sourceProvenance":{"resolvedStorageSource":{"bucket":"gcf-v2-sources-1078323335501-europe-west1","object":"checkLotteryNow/function-source.zip","generation":"1787485699729970"}},"dockerRegistry":"ARTIFACT_REGISTRY","serviceAccount":"projects/loto-hot/serviceAccounts/1078323335501-compute@developer.gserviceaccount.com","automaticUpdatePolicy":{}},"serviceConfig":{"service":"projects/loto-hot/locations/europe-west1/services/checklotterynow","timeoutSeconds":120,"environmentVariables":{"FIREBASE_CONFIG":"{\"projectId\":\"loto-hot\",\"databaseURL\":\"https://loto-hot-default-rtdb.firebaseio.com\",\"storageBucket\":\"loto-hot.firebasestorage.app\"}","GCLOUD_PROJECT":"loto-hot","EVENTARC_CLOUD_EVENT_SOURCE":"projects/loto-hot/locations/europe-west1/services/checkLotteryNow","FUNCTION_REGION":"europe-west1","FUNCTION_TARGET":"checkLotteryNow","LOG_EXECUTION_ID":"true"},"ingressSettings":"ALLOW_ALL","uri":"https://checklotterynow-3xxnxk3bwa-ew.a.run.app","serviceAccountEmail":"1078323335501-compute@developer.gserviceaccount.com","availableMemory":"256Mi","allTrafficOnLatestRevision":true,"revision":"checklotterynow-00001-siy","maxInstanceRequestConcurrency":80,"availableCpu":"1"},"state":"ACTIVE","updateTime":"2026-08-23T11:49:31.713846338Z","labels":{"deployment-tool":"cli-firebase","firebase-functions-hash":"3bd24983822feac35be5552712af8221cb226179"},"environment":"GEN_2","url":"https://europe-west1-loto-hot.cloudfunctions.net/checkLotteryNow","createTime":"2026-08-23T11:48:20.879293785Z","satisfiesPzi":true}]}
[info] i  extensions: ensuring required API firebaseextensions.googleapis.com is enabled... 
[debug] [2026-08-23T12:15:49.134Z] > command requires scopes: ["email","openid","https://www.googleapis.com/auth/cloudplatformprojects.readonly","https://www.googleapis.com/auth/firebase","https://www.googleapis.com/auth/cloud-platform"]
[debug] [2026-08-23T12:15:49.134Z] > authorizing via signed-in user (eliran.neeman@gmail.com)
[debug] [2026-08-23T12:15:49.135Z] [iam] checking project loto-hot for permissions ["firebase.projects.get","firebaseextensions.instances.list"]
[debug] [2026-08-23T12:15:49.135Z] Checked if tokens are valid: true, expires at: 1787488981891
[debug] [2026-08-23T12:15:49.135Z] Checked if tokens are valid: true, expires at: 1787488981891
[debug] [2026-08-23T12:15:49.135Z] >>> [apiv2][query] POST https://cloudresourcemanager.googleapis.com/v1/projects/loto-hot:testIamPermissions [none]
[debug] [2026-08-23T12:15:49.135Z] >>> [apiv2][(partial)header] POST https://cloudresourcemanager.googleapis.com/v1/projects/loto-hot:testIamPermissions  x-goog-user-project=loto-hot
[debug] [2026-08-23T12:15:49.135Z] >>> [apiv2][body] POST https://cloudresourcemanager.googleapis.com/v1/projects/loto-hot:testIamPermissions {"permissions":["firebase.projects.get","firebaseextensions.instances.list"]}
[debug] [2026-08-23T12:15:49.499Z] <<< [apiv2][status] POST https://cloudresourcemanager.googleapis.com/v1/projects/loto-hot:testIamPermissions 200
[debug] [2026-08-23T12:15:49.500Z] <<< [apiv2][body] POST https://cloudresourcemanager.googleapis.com/v1/projects/loto-hot:testIamPermissions {"permissions":["firebase.projects.get","firebaseextensions.instances.list"]}
[debug] [2026-08-23T12:15:49.500Z] Checked if tokens are valid: true, expires at: 1787488981891
[debug] [2026-08-23T12:15:49.500Z] Checked if tokens are valid: true, expires at: 1787488981891
[debug] [2026-08-23T12:15:49.500Z] >>> [apiv2][query] GET https://firebaseextensions.googleapis.com/v1beta/projects/loto-hot/instances pageSize=100&pageToken=
[debug] [2026-08-23T12:15:50.780Z] <<< [apiv2][status] GET https://firebaseextensions.googleapis.com/v1beta/projects/loto-hot/instances 200
[debug] [2026-08-23T12:15:50.780Z] <<< [apiv2][body] GET https://firebaseextensions.googleapis.com/v1beta/projects/loto-hot/instances {}
[debug] [2026-08-23T12:15:50.781Z] Attempting to merge .env secret bindings {} into declared secrets...)}
[debug] [2026-08-23T12:15:50.781Z] checkLotteryResults declared secrets: undefined
[debug] [2026-08-23T12:15:50.781Z] checkLotteryNow declared secrets: undefined
[info] i  functions: preparing functions directory for uploading... 
[info] i  functions: packaged /Users/neeman/Documents/lottogun/functions (33.71 KB) for uploading 
[info] i  functions: ensuring required API cloudscheduler.googleapis.com is enabled... 
[info] i  functions: ensuring required API run.googleapis.com is enabled... 
[info] i  functions: ensuring required API eventarc.googleapis.com is enabled... 
[info] i  functions: ensuring required API pubsub.googleapis.com is enabled... 
[info] i  functions: ensuring required API storage.googleapis.com is enabled... 
[info] i  functions: generating the service identity for pubsub.googleapis.com... 
[debug] [2026-08-23T12:15:50.807Z] Checked if tokens are valid: true, expires at: 1787488981891
[debug] [2026-08-23T12:15:50.807Z] Checked if tokens are valid: true, expires at: 1787488981891
[info] i  functions: generating the service identity for eventarc.googleapis.com... 
[debug] [2026-08-23T12:15:50.807Z] Checked if tokens are valid: true, expires at: 1787488981891
[debug] [2026-08-23T12:15:50.807Z] Checked if tokens are valid: true, expires at: 1787488981891
[debug] [2026-08-23T12:15:50.807Z] >>> [apiv2][query] POST https://serviceusage.googleapis.com/v1beta1/projects/1078323335501/services/pubsub.googleapis.com:generateServiceIdentity [none]
[debug] [2026-08-23T12:15:50.807Z] >>> [apiv2][(partial)header] POST https://serviceusage.googleapis.com/v1beta1/projects/1078323335501/services/pubsub.googleapis.com:generateServiceIdentity  x-goog-user-project=1078323335501
[debug] [2026-08-23T12:15:50.807Z] >>> [apiv2][body] POST https://serviceusage.googleapis.com/v1beta1/projects/1078323335501/services/pubsub.googleapis.com:generateServiceIdentity {}
[debug] [2026-08-23T12:15:50.808Z] >>> [apiv2][query] POST https://serviceusage.googleapis.com/v1beta1/projects/1078323335501/services/eventarc.googleapis.com:generateServiceIdentity [none]
[debug] [2026-08-23T12:15:50.808Z] >>> [apiv2][(partial)header] POST https://serviceusage.googleapis.com/v1beta1/projects/1078323335501/services/eventarc.googleapis.com:generateServiceIdentity  x-goog-user-project=1078323335501
[debug] [2026-08-23T12:15:50.808Z] >>> [apiv2][body] POST https://serviceusage.googleapis.com/v1beta1/projects/1078323335501/services/eventarc.googleapis.com:generateServiceIdentity {}
[debug] [2026-08-23T12:15:52.104Z] <<< [apiv2][status] POST https://serviceusage.googleapis.com/v1beta1/projects/1078323335501/services/pubsub.googleapis.com:generateServiceIdentity 200
[debug] [2026-08-23T12:15:52.105Z] <<< [apiv2][body] POST https://serviceusage.googleapis.com/v1beta1/projects/1078323335501/services/pubsub.googleapis.com:generateServiceIdentity {"name":"operations/finished.DONE_OPERATION","done":true,"response":{"@type":"type.googleapis.com/google.api.serviceusage.v1beta1.ServiceIdentity","email":"service-1078323335501@gcp-sa-pubsub.iam.gserviceaccount.com","uniqueId":"113699286104204672639"}}
[debug] [2026-08-23T12:15:52.180Z] <<< [apiv2][status] POST https://serviceusage.googleapis.com/v1beta1/projects/1078323335501/services/eventarc.googleapis.com:generateServiceIdentity 200
[debug] [2026-08-23T12:15:52.180Z] <<< [apiv2][body] POST https://serviceusage.googleapis.com/v1beta1/projects/1078323335501/services/eventarc.googleapis.com:generateServiceIdentity {"name":"operations/finished.DONE_OPERATION","done":true,"response":{"@type":"type.googleapis.com/google.api.serviceusage.v1beta1.ServiceIdentity","email":"service-1078323335501@gcp-sa-eventarc.iam.gserviceaccount.com","uniqueId":"111453831415770569614"}}
[debug] [2026-08-23T12:15:52.184Z] Checked if tokens are valid: true, expires at: 1787488981891
[debug] [2026-08-23T12:15:52.184Z] Checked if tokens are valid: true, expires at: 1787488981891
[debug] [2026-08-23T12:15:52.184Z] >>> [apiv2][query] GET https://cloudresourcemanager.googleapis.com/v1/projects/loto-hot [none]
[debug] [2026-08-23T12:15:52.464Z] <<< [apiv2][status] GET https://cloudresourcemanager.googleapis.com/v1/projects/loto-hot 200
[debug] [2026-08-23T12:15:52.464Z] <<< [apiv2][body] GET https://cloudresourcemanager.googleapis.com/v1/projects/loto-hot {"projectNumber":"1078323335501","projectId":"loto-hot","lifecycleState":"ACTIVE","name":"Loto-Hot","labels":{"firebase":"enabled","firebase-core":"disabled"},"createTime":"2025-08-14T21:02:14.240406Z"}
[debug] [2026-08-23T12:15:52.464Z] Checked if tokens are valid: true, expires at: 1787488981891
[debug] [2026-08-23T12:15:52.464Z] Checked if tokens are valid: true, expires at: 1787488981891
[debug] [2026-08-23T12:15:52.464Z] >>> [apiv2][query] GET https://compute.googleapis.com/compute/v1/projects/1078323335501 [none]
[debug] [2026-08-23T12:15:53.152Z] <<< [apiv2][status] GET https://compute.googleapis.com/compute/v1/projects/1078323335501 403
[debug] [2026-08-23T12:15:53.152Z] <<< [apiv2][body] GET https://compute.googleapis.com/compute/v1/projects/1078323335501 {"error":{"code":403,"message":"Compute Engine API has not been used in project 1078323335501 before or it is disabled. Enable it by visiting https://console.developers.google.com/apis/api/compute.googleapis.com/overview?project=1078323335501 then retry. If you enabled this API recently, wait a few minutes for the action to propagate to our systems and retry.","errors":[{"message":"Compute Engine API has not been used in project 1078323335501 before or it is disabled. Enable it by visiting https://console.developers.google.com/apis/api/compute.googleapis.com/overview?project=1078323335501 then retry. If you enabled this API recently, wait a few minutes for the action to propagate to our systems and retry.","domain":"usageLimits","reason":"accessNotConfigured","extendedHelp":"https://console.developers.google.com"}],"status":"PERMISSION_DENIED","details":[{"@type":"type.googleapis.com/google.rpc.ErrorInfo","reason":"SERVICE_DISABLED","domain":"googleapis.com","metadata":{"consumer":"projects/1078323335501","containerInfo":"1078323335501","activationUrl":"https://console.developers.google.com/apis/api/compute.googleapis.com/overview?project=1078323335501","serviceTitle":"Compute Engine API","service":"compute.googleapis.com"}},{"@type":"type.googleapis.com/google.rpc.LocalizedMessage","locale":"en-US","message":"Compute Engine API has not been used in project 1078323335501 before or it is disabled. Enable it by visiting https://console.developers.google.com/apis/api/compute.googleapis.com/overview?project=1078323335501 then retry. If you enabled this API recently, wait a few minutes for the action to propagate to our systems and retry."},{"@type":"type.googleapis.com/google.rpc.Help","links":[{"description":"Google developers console API activation","url":"https://console.developers.google.com/apis/api/compute.googleapis.com/overview?project=1078323335501"}]}]}}
[debug] [2026-08-23T12:15:53.153Z] unable to look up default compute service account. Falling back to 1078323335501-compute@developer.gserviceaccount.com. Error: {"name":"FirebaseError","children":[],"context":{"body":{"error":{"code":403,"message":"Compute Engine API has not been used in project 1078323335501 before or it is disabled. Enable it by visiting https://console.developers.google.com/apis/api/compute.googleapis.com/overview?project=1078323335501 then retry. If you enabled this API recently, wait a few minutes for the action to propagate to our systems and retry.","errors":[{"message":"Compute Engine API has not been used in project 1078323335501 before or it is disabled. Enable it by visiting https://console.developers.google.com/apis/api/compute.googleapis.com/overview?project=1078323335501 then retry. If you enabled this API recently, wait a few minutes for the action to propagate to our systems and retry.","domain":"usageLimits","reason":"accessNotConfigured","extendedHelp":"https://console.developers.google.com"}],"status":"PERMISSION_DENIED","details":[{"@type":"type.googleapis.com/google.rpc.ErrorInfo","reason":"SERVICE_DISABLED","domain":"googleapis.com","metadata":{"consumer":"projects/1078323335501","containerInfo":"1078323335501","activationUrl":"https://console.developers.google.com/apis/api/compute.googleapis.com/overview?project=1078323335501","serviceTitle":"Compute Engine API","service":"compute.googleapis.com"}},{"@type":"type.googleapis.com/google.rpc.LocalizedMessage","locale":"en-US","message":"Compute Engine API has not been used in project 1078323335501 before or it is disabled. Enable it by visiting https://console.developers.google.com/apis/api/compute.googleapis.com/overview?project=1078323335501 then retry. If you enabled this API recently, wait a few minutes for the action to propagate to our systems and retry."},{"@type":"type.googleapis.com/google.rpc.Help","links":[{"description":"Google developers console API activation","url":"https://console.developers.google.com/apis/api/compute.googleapis.com/overview?project=1078323335501"}]}]}},"response":{"statusCode":403}},"exit":1,"message":"Request to https://compute.googleapis.com/compute/v1/projects/1078323335501 had HTTP Error: 403, Compute Engine API has not been used in project 1078323335501 before or it is disabled. Enable it by visiting https://console.developers.google.com/apis/api/compute.googleapis.com/overview?project=1078323335501 then retry. If you enabled this API recently, wait a few minutes for the action to propagate to our systems and retry.","status":403}
[debug] [2026-08-23T12:15:53.154Z] Checked if tokens are valid: true, expires at: 1787488981891
[debug] [2026-08-23T12:15:53.154Z] Checked if tokens are valid: true, expires at: 1787488981891
[debug] [2026-08-23T12:15:53.154Z] >>> [apiv2][query] GET https://cloudbilling.googleapis.com/v1/projects/loto-hot/billingInfo [none]
[debug] [2026-08-23T12:15:53.154Z] >>> [apiv2][(partial)header] GET https://cloudbilling.googleapis.com/v1/projects/loto-hot/billingInfo  x-goog-user-project=loto-hot
[debug] [2026-08-23T12:15:53.667Z] <<< [apiv2][status] GET https://cloudbilling.googleapis.com/v1/projects/loto-hot/billingInfo 200
[debug] [2026-08-23T12:15:53.667Z] <<< [apiv2][body] GET https://cloudbilling.googleapis.com/v1/projects/loto-hot/billingInfo {"name":"projects/loto-hot/billingInfo","projectId":"loto-hot","billingAccountName":"billingAccounts/0109F7-1456EB-D37A54","billingEnabled":true}
[debug] [2026-08-23T12:15:53.669Z] Checked if tokens are valid: true, expires at: 1787488981891
[debug] [2026-08-23T12:15:53.669Z] Checked if tokens are valid: true, expires at: 1787488981891
[debug] [2026-08-23T12:15:53.669Z] >>> [apiv2][query] POST https://cloudfunctions.googleapis.com/v2/projects/loto-hot/locations/europe-west1/functions:generateUploadUrl [none]
[debug] [2026-08-23T12:15:54.100Z] <<< [apiv2][status] POST https://cloudfunctions.googleapis.com/v2/projects/loto-hot/locations/europe-west1/functions:generateUploadUrl 200
[debug] [2026-08-23T12:15:54.100Z] <<< [apiv2][body] POST https://cloudfunctions.googleapis.com/v2/projects/loto-hot/locations/europe-west1/functions:generateUploadUrl {"uploadUrl":"https://storage.googleapis.com/gcf-v2-uploads-1078323335501.europe-west1.cloudfunctions.appspot.com/d73cb8b8-21ee-4cf7-aac7-45c873549f68.zip?GoogleAccessId=service-1078323335501@gcf-admin-robot.iam.gserviceaccount.com&Expires=1787489154&Signature=THK4EqPmVhpqotqJzOdlglZXiV8eoIHZsguxmgEs%2FBeG7gh5AlJUrFqTX7xgJc0JchOoc6VIClBWylDmzf%2FfnWoy%2FY7lvdKHlI2k3y51xNG73343DFZvl0IVPQSB1%2B8Ee46GO3WnOjxhYpYgvryC5joQ0myCLM8L%2BibR073nYesJh%2BvlyikxxyfDc1zlyOCXs56XMtvc4bHrqfsBxScs9fu7mZMUt%2BQHEjDV05rU3cHaKySeq9uGW4AczzAfxlYyfwAQN270%2BUyYZdQLalqxe393dBHW2sCQLhTZzDfg%2BNIdC0hGQBC4pyp1nonWCzloGDZ3uYZWJn%2FbbThXLpYjcg%3D%3D","storageSource":{"bucket":"gcf-v2-uploads-1078323335501.europe-west1.cloudfunctions.appspot.com","object":"d73cb8b8-21ee-4cf7-aac7-45c873549f68.zip"}}
[debug] [2026-08-23T12:15:54.101Z] >>> [apiv2][query] PUT https://storage.googleapis.com/gcf-v2-uploads-1078323335501.europe-west1.cloudfunctions.appspot.com/d73cb8b8-21ee-4cf7-aac7-45c873549f68.zip GoogleAccessId=service-1078323335501%40gcf-admin-robot.iam.gserviceaccount.com&Expires=1787489154&Signature=THK4EqPmVhpqotqJzOdlglZXiV8eoIHZsguxmgEs%2FBeG7gh5AlJUrFqTX7xgJc0JchOoc6VIClBWylDmzf%2FfnWoy%2FY7lvdKHlI2k3y51xNG73343DFZvl0IVPQSB1%2B8Ee46GO3WnOjxhYpYgvryC5joQ0myCLM8L%2BibR073nYesJh%2BvlyikxxyfDc1zlyOCXs56XMtvc4bHrqfsBxScs9fu7mZMUt%2BQHEjDV05rU3cHaKySeq9uGW4AczzAfxlYyfwAQN270%2BUyYZdQLalqxe393dBHW2sCQLhTZzDfg%2BNIdC0hGQBC4pyp1nonWCzloGDZ3uYZWJn%2FbbThXLpYjcg%3D%3D
[debug] [2026-08-23T12:15:54.102Z] >>> [apiv2][body] PUT https://storage.googleapis.com/gcf-v2-uploads-1078323335501.europe-west1.cloudfunctions.appspot.com/d73cb8b8-21ee-4cf7-aac7-45c873549f68.zip [stream]
[debug] [2026-08-23T12:15:54.625Z] <<< [apiv2][status] PUT https://storage.googleapis.com/gcf-v2-uploads-1078323335501.europe-west1.cloudfunctions.appspot.com/d73cb8b8-21ee-4cf7-aac7-45c873549f68.zip 200
[debug] [2026-08-23T12:15:54.625Z] <<< [apiv2][body] PUT https://storage.googleapis.com/gcf-v2-uploads-1078323335501.europe-west1.cloudfunctions.appspot.com/d73cb8b8-21ee-4cf7-aac7-45c873549f68.zip [omitted]
[info] ✔  functions: functions source uploaded successfully 
[info] i  functions: updating Node.js 22 (2nd Gen) function checkLotteryResults(europe-west1)... 
[debug] [2026-08-23T12:15:54.629Z] Checked if tokens are valid: true, expires at: 1787488981891
[debug] [2026-08-23T12:15:54.629Z] Checked if tokens are valid: true, expires at: 1787488981891
[debug] [2026-08-23T12:15:54.630Z] >>> [apiv2][query] PATCH https://cloudfunctions.googleapis.com/v2/projects/loto-hot/locations/europe-west1/functions/checkLotteryResults updateMask=name%2CbuildConfig.runtime%2CbuildConfig.entryPoint%2CbuildConfig.source.storageSource.bucket%2CbuildConfig.source.storageSource.object%2CbuildConfig.environmentVariables%2CbuildConfig.sourceToken%2CserviceConfig.environmentVariables%2CserviceConfig.ingressSettings%2CserviceConfig.timeoutSeconds%2CserviceConfig.serviceAccountEmail%2CserviceConfig.availableMemory%2CserviceConfig.minInstanceCount%2CserviceConfig.maxInstanceCount%2CserviceConfig.maxInstanceRequestConcurrency%2CserviceConfig.availableCpu%2CserviceConfig.vpcConnector%2CserviceConfig.vpcConnectorEgressSettings%2CserviceConfig.directVpcNetworkInterface%2CserviceConfig.directVpcEgress%2Clabels
[debug] [2026-08-23T12:15:54.630Z] >>> [apiv2][body] PATCH https://cloudfunctions.googleapis.com/v2/projects/loto-hot/locations/europe-west1/functions/checkLotteryResults {"name":"projects/loto-hot/locations/europe-west1/functions/checkLotteryResults","buildConfig":{"runtime":"nodejs22","entryPoint":"checkLotteryResults","source":{"storageSource":{"bucket":"gcf-v2-uploads-1078323335501.europe-west1.cloudfunctions.appspot.com","object":"d73cb8b8-21ee-4cf7-aac7-45c873549f68.zip"}},"environmentVariables":{"GOOGLE_NODE_RUN_SCRIPTS":""}},"serviceConfig":{"environmentVariables":{"FIREBASE_CONFIG":"{\"projectId\":\"loto-hot\",\"databaseURL\":\"https://loto-hot-default-rtdb.firebaseio.com\",\"storageBucket\":\"loto-hot.firebasestorage.app\"}","GCLOUD_PROJECT":"loto-hot","EVENTARC_CLOUD_EVENT_SOURCE":"projects/loto-hot/locations/europe-west1/services/checkLotteryResults","FUNCTION_REGION":"europe-west1","FUNCTION_TARGET":"checkLotteryResults","LOG_EXECUTION_ID":"true"},"ingressSettings":null,"timeoutSeconds":120,"serviceAccountEmail":null,"availableMemory":"256Mi","minInstanceCount":null,"maxInstanceCount":null,"maxInstanceRequestConcurrency":80,"availableCpu":"1","vpcConnector":null,"vpcConnectorEgressSettings":null,"directVpcNetworkInterface":null,"directVpcEgress":null},"labels":{"deployment-tool":"cli-firebase","deployment-scheduled":"true","firebase-functions-hash":"01a8a8309889e46eb9d95e1ce553c179dab021f9"}}
[debug] [2026-08-23T12:15:55.858Z] <<< [apiv2][status] PATCH https://cloudfunctions.googleapis.com/v2/projects/loto-hot/locations/europe-west1/functions/checkLotteryResults 200
[debug] [2026-08-23T12:15:55.858Z] <<< [apiv2][body] PATCH https://cloudfunctions.googleapis.com/v2/projects/loto-hot/locations/europe-west1/functions/checkLotteryResults {"name":"projects/loto-hot/locations/europe-west1/operations/operation-1787487354982-659b5d4d59172-86cd01eb-a05ab625","metadata":{"@type":"type.googleapis.com/google.cloud.functions.v2.OperationMetadata","createTime":"2026-08-23T12:15:55.984687682Z","target":"projects/loto-hot/locations/europe-west1/functions/checkLotteryResults","verb":"update","cancelRequested":false,"apiVersion":"v2"},"done":false}
[debug] [2026-08-23T12:15:55.858Z] Checked if tokens are valid: true, expires at: 1787488981891
[debug] [2026-08-23T12:15:55.858Z] Checked if tokens are valid: true, expires at: 1787488981891
[debug] [2026-08-23T12:15:55.859Z] >>> [apiv2][query] GET https://cloudfunctions.googleapis.com/v2/projects/loto-hot/locations/europe-west1/operations/operation-1787487354982-659b5d4d59172-86cd01eb-a05ab625 [none]
[debug] [2026-08-23T12:15:56.048Z] <<< [apiv2][status] GET https://cloudfunctions.googleapis.com/v2/projects/loto-hot/locations/europe-west1/operations/operation-1787487354982-659b5d4d59172-86cd01eb-a05ab625 200
[debug] [2026-08-23T12:15:56.048Z] <<< [apiv2][body] GET https://cloudfunctions.googleapis.com/v2/projects/loto-hot/locations/europe-west1/operations/operation-1787487354982-659b5d4d59172-86cd01eb-a05ab625 {"name":"projects/loto-hot/locations/europe-west1/operations/operation-1787487354982-659b5d4d59172-86cd01eb-a05ab625","metadata":{"@type":"type.googleapis.com/google.cloud.functions.v2.OperationMetadata","createTime":"2026-08-23T12:15:55.984687682Z","target":"projects/loto-hot/locations/europe-west1/functions/checkLotteryResults","verb":"update","cancelRequested":false,"apiVersion":"v2","requestResource":{"@type":"type.googleapis.com/google.cloud.functions.v2.Function","name":"projects/loto-hot/locations/europe-west1/functions/checkLotteryResults","buildConfig":{"runtime":"nodejs22","entryPoint":"checkLotteryResults","source":{"storageSource":{"bucket":"gcf-v2-sources-1078323335501-europe-west1","object":"checkLotteryResults/function-source.zip","generation":"1787487355943289"}},"environmentVariables":{"GOOGLE_NODE_RUN_SCRIPTS":""},"dockerRepository":"projects/loto-hot/locations/europe-west1/repositories/gcf-artifacts","sourceProvenance":{"resolvedStorageSource":{"bucket":"gcf-v2-sources-1078323335501-europe-west1","object":"checkLotteryResults/function-source.zip","generation":"1787485862955184"}},"dockerRegistry":"ARTIFACT_REGISTRY","serviceAccount":"projects/loto-hot/serviceAccounts/1078323335501-compute@developer.gserviceaccount.com","automaticUpdatePolicy":{}},"serviceConfig":{"service":"projects/loto-hot/locations/europe-west1/services/checklotteryresults","timeoutSeconds":120,"environmentVariables":{"FIREBASE_CONFIG":"{\"projectId\":\"loto-hot\",\"databaseURL\":\"https://loto-hot-default-rtdb.firebaseio.com\",\"storageBucket\":\"loto-hot.firebasestorage.app\"}","GCLOUD_PROJECT":"loto-hot","EVENTARC_CLOUD_EVENT_SOURCE":"projects/loto-hot/locations/europe-west1/services/checkLotteryResults","FUNCTION_REGION":"europe-west1","FUNCTION_TARGET":"checkLotteryResults","LOG_EXECUTION_ID":"true"},"ingressSettings":"ALLOW_ALL","uri":"https://checklotteryresults-3xxnxk3bwa-ew.a.run.app","serviceAccountEmail":"1078323335501-compute@developer.gserviceaccount.com","availableMemory":"256Mi","allTrafficOnLatestRevision":true,"revision":"checklotteryresults-00001-rix","maxInstanceRequestConcurrency":80,"availableCpu":"1"},"state":"ACTIVE","labels":{"deployment-tool":"cloudfunctions","deployment-scheduled":"true","firebase-functions-hash":"01a8a8309889e46eb9d95e1ce553c179dab021f9"},"environment":"GEN_2","url":"https://europe-west1-loto-hot.cloudfunctions.net/checkLotteryResults","satisfiesPzi":true},"stages":[{"name":"BUILD","state":"NOT_STARTED"},{"name":"SERVICE","state":"NOT_STARTED"}],"operationType":"UPDATE_FUNCTION"},"done":false}
[debug] [2026-08-23T12:15:56.550Z] [update-default-europe-west1-checkLotteryResults] Retrying task index 0
[debug] [2026-08-23T12:15:56.550Z] Checked if tokens are valid: true, expires at: 1787488981891
[debug] [2026-08-23T12:15:56.550Z] Checked if tokens are valid: true, expires at: 1787488981891
[debug] [2026-08-23T12:15:56.550Z] >>> [apiv2][query] GET https://cloudfunctions.googleapis.com/v2/projects/loto-hot/locations/europe-west1/operations/operation-1787487354982-659b5d4d59172-86cd01eb-a05ab625 [none]
[debug] [2026-08-23T12:15:56.750Z] <<< [apiv2][status] GET https://cloudfunctions.googleapis.com/v2/projects/loto-hot/locations/europe-west1/operations/operation-1787487354982-659b5d4d59172-86cd01eb-a05ab625 200
[debug] [2026-08-23T12:15:56.750Z] <<< [apiv2][body] GET https://cloudfunctions.googleapis.com/v2/projects/loto-hot/locations/europe-west1/operations/operation-1787487354982-659b5d4d59172-86cd01eb-a05ab625 {"name":"projects/loto-hot/locations/europe-west1/operations/operation-1787487354982-659b5d4d59172-86cd01eb-a05ab625","metadata":{"@type":"type.googleapis.com/google.cloud.functions.v2.OperationMetadata","createTime":"2026-08-23T12:15:55.984687682Z","target":"projects/loto-hot/locations/europe-west1/functions/checkLotteryResults","verb":"update","cancelRequested":false,"apiVersion":"v2","requestResource":{"@type":"type.googleapis.com/google.cloud.functions.v2.Function","name":"projects/loto-hot/locations/europe-west1/functions/checkLotteryResults","buildConfig":{"runtime":"nodejs22","entryPoint":"checkLotteryResults","source":{"storageSource":{"bucket":"gcf-v2-sources-1078323335501-europe-west1","object":"checkLotteryResults/function-source.zip","generation":"1787487355943289"}},"environmentVariables":{"GOOGLE_NODE_RUN_SCRIPTS":""},"dockerRepository":"projects/loto-hot/locations/europe-west1/repositories/gcf-artifacts","sourceProvenance":{"resolvedStorageSource":{"bucket":"gcf-v2-sources-1078323335501-europe-west1","object":"checkLotteryResults/function-source.zip","generation":"1787485862955184"}},"dockerRegistry":"ARTIFACT_REGISTRY","serviceAccount":"projects/loto-hot/serviceAccounts/1078323335501-compute@developer.gserviceaccount.com","automaticUpdatePolicy":{}},"serviceConfig":{"service":"projects/loto-hot/locations/europe-west1/services/checklotteryresults","timeoutSeconds":120,"environmentVariables":{"FIREBASE_CONFIG":"{\"projectId\":\"loto-hot\",\"databaseURL\":\"https://loto-hot-default-rtdb.firebaseio.com\",\"storageBucket\":\"loto-hot.firebasestorage.app\"}","GCLOUD_PROJECT":"loto-hot","EVENTARC_CLOUD_EVENT_SOURCE":"projects/loto-hot/locations/europe-west1/services/checkLotteryResults","FUNCTION_REGION":"europe-west1","FUNCTION_TARGET":"checkLotteryResults","LOG_EXECUTION_ID":"true"},"ingressSettings":"ALLOW_ALL","uri":"https://checklotteryresults-3xxnxk3bwa-ew.a.run.app","serviceAccountEmail":"1078323335501-compute@developer.gserviceaccount.com","availableMemory":"256Mi","allTrafficOnLatestRevision":true,"revision":"checklotteryresults-00001-rix","maxInstanceRequestConcurrency":80,"availableCpu":"1"},"state":"ACTIVE","labels":{"deployment-tool":"cloudfunctions","deployment-scheduled":"true","firebase-functions-hash":"01a8a8309889e46eb9d95e1ce553c179dab021f9"},"environment":"GEN_2","url":"https://europe-west1-loto-hot.cloudfunctions.net/checkLotteryResults","satisfiesPzi":true},"stages":[{"name":"BUILD","state":"NOT_STARTED"},{"name":"SERVICE","state":"NOT_STARTED"}],"operationType":"UPDATE_FUNCTION"},"done":false}
[debug] [2026-08-23T12:15:57.752Z] [update-default-europe-west1-checkLotteryResults] Retrying task index 0
[debug] [2026-08-23T12:15:57.752Z] Checked if tokens are valid: true, expires at: 1787488981891
[debug] [2026-08-23T12:15:57.752Z] Checked if tokens are valid: true, expires at: 1787488981891
[debug] [2026-08-23T12:15:57.752Z] >>> [apiv2][query] GET https://cloudfunctions.googleapis.com/v2/projects/loto-hot/locations/europe-west1/operations/operation-1787487354982-659b5d4d59172-86cd01eb-a05ab625 [none]
[debug] [2026-08-23T12:15:57.947Z] <<< [apiv2][status] GET https://cloudfunctions.googleapis.com/v2/projects/loto-hot/locations/europe-west1/operations/operation-1787487354982-659b5d4d59172-86cd01eb-a05ab625 200
[debug] [2026-08-23T12:15:57.947Z] <<< [apiv2][body] GET https://cloudfunctions.googleapis.com/v2/projects/loto-hot/locations/europe-west1/operations/operation-1787487354982-659b5d4d59172-86cd01eb-a05ab625 {"name":"projects/loto-hot/locations/europe-west1/operations/operation-1787487354982-659b5d4d59172-86cd01eb-a05ab625","metadata":{"@type":"type.googleapis.com/google.cloud.functions.v2.OperationMetadata","createTime":"2026-08-23T12:15:55.984687682Z","target":"projects/loto-hot/locations/europe-west1/functions/checkLotteryResults","verb":"update","cancelRequested":false,"apiVersion":"v2","requestResource":{"@type":"type.googleapis.com/google.cloud.functions.v2.Function","name":"projects/loto-hot/locations/europe-west1/functions/checkLotteryResults","buildConfig":{"runtime":"nodejs22","entryPoint":"checkLotteryResults","source":{"storageSource":{"bucket":"gcf-v2-sources-1078323335501-europe-west1","object":"checkLotteryResults/function-source.zip","generation":"1787487355943289"}},"environmentVariables":{"GOOGLE_NODE_RUN_SCRIPTS":""},"dockerRepository":"projects/loto-hot/locations/europe-west1/repositories/gcf-artifacts","sourceProvenance":{"resolvedStorageSource":{"bucket":"gcf-v2-sources-1078323335501-europe-west1","object":"checkLotteryResults/function-source.zip","generation":"1787485862955184"}},"dockerRegistry":"ARTIFACT_REGISTRY","serviceAccount":"projects/loto-hot/serviceAccounts/1078323335501-compute@developer.gserviceaccount.com","automaticUpdatePolicy":{}},"serviceConfig":{"service":"projects/loto-hot/locations/europe-west1/services/checklotteryresults","timeoutSeconds":120,"environmentVariables":{"FIREBASE_CONFIG":"{\"projectId\":\"loto-hot\",\"databaseURL\":\"https://loto-hot-default-rtdb.firebaseio.com\",\"storageBucket\":\"loto-hot.firebasestorage.app\"}","GCLOUD_PROJECT":"loto-hot","EVENTARC_CLOUD_EVENT_SOURCE":"projects/loto-hot/locations/europe-west1/services/checkLotteryResults","FUNCTION_REGION":"europe-west1","FUNCTION_TARGET":"checkLotteryResults","LOG_EXECUTION_ID":"true"},"ingressSettings":"ALLOW_ALL","uri":"https://checklotteryresults-3xxnxk3bwa-ew.a.run.app","serviceAccountEmail":"1078323335501-compute@developer.gserviceaccount.com","availableMemory":"256Mi","allTrafficOnLatestRevision":true,"revision":"checklotteryresults-00001-rix","maxInstanceRequestConcurrency":80,"availableCpu":"1"},"state":"ACTIVE","labels":{"deployment-tool":"cloudfunctions","deployment-scheduled":"true","firebase-functions-hash":"01a8a8309889e46eb9d95e1ce553c179dab021f9"},"environment":"GEN_2","url":"https://europe-west1-loto-hot.cloudfunctions.net/checkLotteryResults","satisfiesPzi":true},"stages":[{"name":"BUILD","message":"Build in progress","state":"IN_PROGRESS","resource":"projects/1078323335501/locations/europe-west1/builds/9a7fc8d5-8d73-4c1d-998d-ef0302585716","resourceUri":"https://console.cloud.google.com/cloud-build/builds;region=europe-west1/9a7fc8d5-8d73-4c1d-998d-ef0302585716?project=1078323335501"},{"name":"SERVICE","state":"NOT_STARTED"}],"operationType":"UPDATE_FUNCTION","buildName":"projects/1078323335501/locations/europe-west1/builds/9a7fc8d5-8d73-4c1d-998d-ef0302585716"},"done":false}
[debug] [2026-08-23T12:15:59.948Z] [update-default-europe-west1-checkLotteryResults] Retrying task index 0
[debug] [2026-08-23T12:15:59.949Z] Checked if tokens are valid: true, expires at: 1787488981891
[debug] [2026-08-23T12:15:59.949Z] Checked if tokens are valid: true, expires at: 1787488981891
[debug] [2026-08-23T12:15:59.949Z] >>> [apiv2][query] GET https://cloudfunctions.googleapis.com/v2/projects/loto-hot/locations/europe-west1/operations/operation-1787487354982-659b5d4d59172-86cd01eb-a05ab625 [none]
[debug] [2026-08-23T12:16:00.182Z] <<< [apiv2][status] GET https://cloudfunctions.googleapis.com/v2/projects/loto-hot/locations/europe-west1/operations/operation-1787487354982-659b5d4d59172-86cd01eb-a05ab625 200
[debug] [2026-08-23T12:16:00.182Z] <<< [apiv2][body] GET https://cloudfunctions.googleapis.com/v2/projects/loto-hot/locations/europe-west1/operations/operation-1787487354982-659b5d4d59172-86cd01eb-a05ab625 {"name":"projects/loto-hot/locations/europe-west1/operations/operation-1787487354982-659b5d4d59172-86cd01eb-a05ab625","metadata":{"@type":"type.googleapis.com/google.cloud.functions.v2.OperationMetadata","createTime":"2026-08-23T12:15:55.984687682Z","target":"projects/loto-hot/locations/europe-west1/functions/checkLotteryResults","verb":"update","cancelRequested":false,"apiVersion":"v2","requestResource":{"@type":"type.googleapis.com/google.cloud.functions.v2.Function","name":"projects/loto-hot/locations/europe-west1/functions/checkLotteryResults","buildConfig":{"runtime":"nodejs22","entryPoint":"checkLotteryResults","source":{"storageSource":{"bucket":"gcf-v2-sources-1078323335501-europe-west1","object":"checkLotteryResults/function-source.zip","generation":"1787487355943289"}},"environmentVariables":{"GOOGLE_NODE_RUN_SCRIPTS":""},"dockerRepository":"projects/loto-hot/locations/europe-west1/repositories/gcf-artifacts","sourceProvenance":{"resolvedStorageSource":{"bucket":"gcf-v2-sources-1078323335501-europe-west1","object":"checkLotteryResults/function-source.zip","generation":"1787485862955184"}},"dockerRegistry":"ARTIFACT_REGISTRY","serviceAccount":"projects/loto-hot/serviceAccounts/1078323335501-compute@developer.gserviceaccount.com","automaticUpdatePolicy":{}},"serviceConfig":{"service":"projects/loto-hot/locations/europe-west1/services/checklotteryresults","timeoutSeconds":120,"environmentVariables":{"FIREBASE_CONFIG":"{\"projectId\":\"loto-hot\",\"databaseURL\":\"https://loto-hot-default-rtdb.firebaseio.com\",\"storageBucket\":\"loto-hot.firebasestorage.app\"}","GCLOUD_PROJECT":"loto-hot","EVENTARC_CLOUD_EVENT_SOURCE":"projects/loto-hot/locations/europe-west1/services/checkLotteryResults","FUNCTION_REGION":"europe-west1","FUNCTION_TARGET":"checkLotteryResults","LOG_EXECUTION_ID":"true"},"ingressSettings":"ALLOW_ALL","uri":"https://checklotteryresults-3xxnxk3bwa-ew.a.run.app","serviceAccountEmail":"1078323335501-compute@developer.gserviceaccount.com","availableMemory":"256Mi","allTrafficOnLatestRevision":true,"revision":"checklotteryresults-00001-rix","maxInstanceRequestConcurrency":80,"availableCpu":"1"},"state":"ACTIVE","labels":{"deployment-tool":"cloudfunctions","deployment-scheduled":"true","firebase-functions-hash":"01a8a8309889e46eb9d95e1ce553c179dab021f9"},"environment":"GEN_2","url":"https://europe-west1-loto-hot.cloudfunctions.net/checkLotteryResults","satisfiesPzi":true},"stages":[{"name":"BUILD","message":"Build in progress","state":"IN_PROGRESS","resource":"projects/1078323335501/locations/europe-west1/builds/9a7fc8d5-8d73-4c1d-998d-ef0302585716","resourceUri":"https://console.cloud.google.com/cloud-build/builds;region=europe-west1/9a7fc8d5-8d73-4c1d-998d-ef0302585716?project=1078323335501"},{"name":"SERVICE","state":"NOT_STARTED"}],"operationType":"UPDATE_FUNCTION","buildName":"projects/1078323335501/locations/europe-west1/builds/9a7fc8d5-8d73-4c1d-998d-ef0302585716"},"done":false}
[debug] [2026-08-23T12:16:04.183Z] [update-default-europe-west1-checkLotteryResults] Retrying task index 0
[debug] [2026-08-23T12:16:04.183Z] Checked if tokens are valid: true, expires at: 1787488981891
[debug] [2026-08-23T12:16:04.183Z] Checked if tokens are valid: true, expires at: 1787488981891
[debug] [2026-08-23T12:16:04.183Z] >>> [apiv2][query] GET https://cloudfunctions.googleapis.com/v2/projects/loto-hot/locations/europe-west1/operations/operation-1787487354982-659b5d4d59172-86cd01eb-a05ab625 [none]
[debug] [2026-08-23T12:16:04.508Z] <<< [apiv2][status] GET https://cloudfunctions.googleapis.com/v2/projects/loto-hot/locations/europe-west1/operations/operation-1787487354982-659b5d4d59172-86cd01eb-a05ab625 200
[debug] [2026-08-23T12:16:04.508Z] <<< [apiv2][body] GET https://cloudfunctions.googleapis.com/v2/projects/loto-hot/locations/europe-west1/operations/operation-1787487354982-659b5d4d59172-86cd01eb-a05ab625 {"name":"projects/loto-hot/locations/europe-west1/operations/operation-1787487354982-659b5d4d59172-86cd01eb-a05ab625","metadata":{"@type":"type.googleapis.com/google.cloud.functions.v2.OperationMetadata","createTime":"2026-08-23T12:15:55.984687682Z","target":"projects/loto-hot/locations/europe-west1/functions/checkLotteryResults","verb":"update","cancelRequested":false,"apiVersion":"v2","requestResource":{"@type":"type.googleapis.com/google.cloud.functions.v2.Function","name":"projects/loto-hot/locations/europe-west1/functions/checkLotteryResults","buildConfig":{"runtime":"nodejs22","entryPoint":"checkLotteryResults","source":{"storageSource":{"bucket":"gcf-v2-sources-1078323335501-europe-west1","object":"checkLotteryResults/function-source.zip","generation":"1787487355943289"}},"environmentVariables":{"GOOGLE_NODE_RUN_SCRIPTS":""},"dockerRepository":"projects/loto-hot/locations/europe-west1/repositories/gcf-artifacts","sourceProvenance":{"resolvedStorageSource":{"bucket":"gcf-v2-sources-1078323335501-europe-west1","object":"checkLotteryResults/function-source.zip","generation":"1787485862955184"}},"dockerRegistry":"ARTIFACT_REGISTRY","serviceAccount":"projects/loto-hot/serviceAccounts/1078323335501-compute@developer.gserviceaccount.com","automaticUpdatePolicy":{}},"serviceConfig":{"service":"projects/loto-hot/locations/europe-west1/services/checklotteryresults","timeoutSeconds":120,"environmentVariables":{"FIREBASE_CONFIG":"{\"projectId\":\"loto-hot\",\"databaseURL\":\"https://loto-hot-default-rtdb.firebaseio.com\",\"storageBucket\":\"loto-hot.firebasestorage.app\"}","GCLOUD_PROJECT":"loto-hot","EVENTARC_CLOUD_EVENT_SOURCE":"projects/loto-hot/locations/europe-west1/services/checkLotteryResults","FUNCTION_REGION":"europe-west1","FUNCTION_TARGET":"checkLotteryResults","LOG_EXECUTION_ID":"true"},"ingressSettings":"ALLOW_ALL","uri":"https://checklotteryresults-3xxnxk3bwa-ew.a.run.app","serviceAccountEmail":"1078323335501-compute@developer.gserviceaccount.com","availableMemory":"256Mi","allTrafficOnLatestRevision":true,"revision":"checklotteryresults-00001-rix","maxInstanceRequestConcurrency":80,"availableCpu":"1"},"state":"ACTIVE","labels":{"deployment-tool":"cloudfunctions","deployment-scheduled":"true","firebase-functions-hash":"01a8a8309889e46eb9d95e1ce553c179dab021f9"},"environment":"GEN_2","url":"https://europe-west1-loto-hot.cloudfunctions.net/checkLotteryResults","satisfiesPzi":true},"stages":[{"name":"BUILD","message":"Build in progress","state":"IN_PROGRESS","resource":"projects/1078323335501/locations/europe-west1/builds/9a7fc8d5-8d73-4c1d-998d-ef0302585716","resourceUri":"https://console.cloud.google.com/cloud-build/builds;region=europe-west1/9a7fc8d5-8d73-4c1d-998d-ef0302585716?project=1078323335501"},{"name":"SERVICE","state":"NOT_STARTED"}],"operationType":"UPDATE_FUNCTION","buildName":"projects/1078323335501/locations/europe-west1/builds/9a7fc8d5-8d73-4c1d-998d-ef0302585716"},"done":false}
[debug] [2026-08-23T12:16:12.510Z] [update-default-europe-west1-checkLotteryResults] Retrying task index 0
[debug] [2026-08-23T12:16:12.511Z] Checked if tokens are valid: true, expires at: 1787488981891
[debug] [2026-08-23T12:16:12.511Z] Checked if tokens are valid: true, expires at: 1787488981891
[debug] [2026-08-23T12:16:12.511Z] >>> [apiv2][query] GET https://cloudfunctions.googleapis.com/v2/projects/loto-hot/locations/europe-west1/operations/operation-1787487354982-659b5d4d59172-86cd01eb-a05ab625 [none]
[debug] [2026-08-23T12:16:12.890Z] <<< [apiv2][status] GET https://cloudfunctions.googleapis.com/v2/projects/loto-hot/locations/europe-west1/operations/operation-1787487354982-659b5d4d59172-86cd01eb-a05ab625 200
[debug] [2026-08-23T12:16:12.890Z] <<< [apiv2][body] GET https://cloudfunctions.googleapis.com/v2/projects/loto-hot/locations/europe-west1/operations/operation-1787487354982-659b5d4d59172-86cd01eb-a05ab625 {"name":"projects/loto-hot/locations/europe-west1/operations/operation-1787487354982-659b5d4d59172-86cd01eb-a05ab625","metadata":{"@type":"type.googleapis.com/google.cloud.functions.v2.OperationMetadata","createTime":"2026-08-23T12:15:55.984687682Z","target":"projects/loto-hot/locations/europe-west1/functions/checkLotteryResults","verb":"update","cancelRequested":false,"apiVersion":"v2","requestResource":{"@type":"type.googleapis.com/google.cloud.functions.v2.Function","name":"projects/loto-hot/locations/europe-west1/functions/checkLotteryResults","buildConfig":{"runtime":"nodejs22","entryPoint":"checkLotteryResults","source":{"storageSource":{"bucket":"gcf-v2-sources-1078323335501-europe-west1","object":"checkLotteryResults/function-source.zip","generation":"1787487355943289"}},"environmentVariables":{"GOOGLE_NODE_RUN_SCRIPTS":""},"dockerRepository":"projects/loto-hot/locations/europe-west1/repositories/gcf-artifacts","sourceProvenance":{"resolvedStorageSource":{"bucket":"gcf-v2-sources-1078323335501-europe-west1","object":"checkLotteryResults/function-source.zip","generation":"1787485862955184"}},"dockerRegistry":"ARTIFACT_REGISTRY","serviceAccount":"projects/loto-hot/serviceAccounts/1078323335501-compute@developer.gserviceaccount.com","automaticUpdatePolicy":{}},"serviceConfig":{"service":"projects/loto-hot/locations/europe-west1/services/checklotteryresults","timeoutSeconds":120,"environmentVariables":{"FIREBASE_CONFIG":"{\"projectId\":\"loto-hot\",\"databaseURL\":\"https://loto-hot-default-rtdb.firebaseio.com\",\"storageBucket\":\"loto-hot.firebasestorage.app\"}","GCLOUD_PROJECT":"loto-hot","EVENTARC_CLOUD_EVENT_SOURCE":"projects/loto-hot/locations/europe-west1/services/checkLotteryResults","FUNCTION_REGION":"europe-west1","FUNCTION_TARGET":"checkLotteryResults","LOG_EXECUTION_ID":"true"},"ingressSettings":"ALLOW_ALL","uri":"https://checklotteryresults-3xxnxk3bwa-ew.a.run.app","serviceAccountEmail":"1078323335501-compute@developer.gserviceaccount.com","availableMemory":"256Mi","allTrafficOnLatestRevision":true,"revision":"checklotteryresults-00001-rix","maxInstanceRequestConcurrency":80,"availableCpu":"1"},"state":"ACTIVE","labels":{"deployment-tool":"cloudfunctions","deployment-scheduled":"true","firebase-functions-hash":"01a8a8309889e46eb9d95e1ce553c179dab021f9"},"environment":"GEN_2","url":"https://europe-west1-loto-hot.cloudfunctions.net/checkLotteryResults","satisfiesPzi":true},"stages":[{"name":"BUILD","message":"Build in progress","state":"IN_PROGRESS","resource":"projects/1078323335501/locations/europe-west1/builds/9a7fc8d5-8d73-4c1d-998d-ef0302585716","resourceUri":"https://console.cloud.google.com/cloud-build/builds;region=europe-west1/9a7fc8d5-8d73-4c1d-998d-ef0302585716?project=1078323335501"},{"name":"SERVICE","state":"NOT_STARTED"}],"operationType":"UPDATE_FUNCTION","buildName":"projects/1078323335501/locations/europe-west1/builds/9a7fc8d5-8d73-4c1d-998d-ef0302585716"},"done":false}
[debug] [2026-08-23T12:16:22.892Z] [update-default-europe-west1-checkLotteryResults] Retrying task index 0
[debug] [2026-08-23T12:16:22.892Z] Checked if tokens are valid: true, expires at: 1787488981891
[debug] [2026-08-23T12:16:22.892Z] Checked if tokens are valid: true, expires at: 1787488981891
[debug] [2026-08-23T12:16:22.892Z] >>> [apiv2][query] GET https://cloudfunctions.googleapis.com/v2/projects/loto-hot/locations/europe-west1/operations/operation-1787487354982-659b5d4d59172-86cd01eb-a05ab625 [none]
[debug] [2026-08-23T12:16:23.233Z] <<< [apiv2][status] GET https://cloudfunctions.googleapis.com/v2/projects/loto-hot/locations/europe-west1/operations/operation-1787487354982-659b5d4d59172-86cd01eb-a05ab625 200
[debug] [2026-08-23T12:16:23.234Z] <<< [apiv2][body] GET https://cloudfunctions.googleapis.com/v2/projects/loto-hot/locations/europe-west1/operations/operation-1787487354982-659b5d4d59172-86cd01eb-a05ab625 {"name":"projects/loto-hot/locations/europe-west1/operations/operation-1787487354982-659b5d4d59172-86cd01eb-a05ab625","metadata":{"@type":"type.googleapis.com/google.cloud.functions.v2.OperationMetadata","createTime":"2026-08-23T12:15:55.984687682Z","target":"projects/loto-hot/locations/europe-west1/functions/checkLotteryResults","verb":"update","cancelRequested":false,"apiVersion":"v2","requestResource":{"@type":"type.googleapis.com/google.cloud.functions.v2.Function","name":"projects/loto-hot/locations/europe-west1/functions/checkLotteryResults","buildConfig":{"runtime":"nodejs22","entryPoint":"checkLotteryResults","source":{"storageSource":{"bucket":"gcf-v2-sources-1078323335501-europe-west1","object":"checkLotteryResults/function-source.zip","generation":"1787487355943289"}},"environmentVariables":{"GOOGLE_NODE_RUN_SCRIPTS":""},"dockerRepository":"projects/loto-hot/locations/europe-west1/repositories/gcf-artifacts","sourceProvenance":{"resolvedStorageSource":{"bucket":"gcf-v2-sources-1078323335501-europe-west1","object":"checkLotteryResults/function-source.zip","generation":"1787485862955184"}},"dockerRegistry":"ARTIFACT_REGISTRY","serviceAccount":"projects/loto-hot/serviceAccounts/1078323335501-compute@developer.gserviceaccount.com","automaticUpdatePolicy":{}},"serviceConfig":{"service":"projects/loto-hot/locations/europe-west1/services/checklotteryresults","timeoutSeconds":120,"environmentVariables":{"FIREBASE_CONFIG":"{\"projectId\":\"loto-hot\",\"databaseURL\":\"https://loto-hot-default-rtdb.firebaseio.com\",\"storageBucket\":\"loto-hot.firebasestorage.app\"}","GCLOUD_PROJECT":"loto-hot","EVENTARC_CLOUD_EVENT_SOURCE":"projects/loto-hot/locations/europe-west1/services/checkLotteryResults","FUNCTION_REGION":"europe-west1","FUNCTION_TARGET":"checkLotteryResults","LOG_EXECUTION_ID":"true"},"ingressSettings":"ALLOW_ALL","uri":"https://checklotteryresults-3xxnxk3bwa-ew.a.run.app","serviceAccountEmail":"1078323335501-compute@developer.gserviceaccount.com","availableMemory":"256Mi","allTrafficOnLatestRevision":true,"revision":"checklotteryresults-00001-rix","maxInstanceRequestConcurrency":80,"availableCpu":"1"},"state":"ACTIVE","labels":{"deployment-tool":"cloudfunctions","deployment-scheduled":"true","firebase-functions-hash":"01a8a8309889e46eb9d95e1ce553c179dab021f9"},"environment":"GEN_2","url":"https://europe-west1-loto-hot.cloudfunctions.net/checkLotteryResults","satisfiesPzi":true},"stages":[{"name":"BUILD","message":"Build in progress","state":"IN_PROGRESS","resource":"projects/1078323335501/locations/europe-west1/builds/9a7fc8d5-8d73-4c1d-998d-ef0302585716","resourceUri":"https://console.cloud.google.com/cloud-build/builds;region=europe-west1/9a7fc8d5-8d73-4c1d-998d-ef0302585716?project=1078323335501"},{"name":"SERVICE","state":"NOT_STARTED"}],"operationType":"UPDATE_FUNCTION","buildName":"projects/1078323335501/locations/europe-west1/builds/9a7fc8d5-8d73-4c1d-998d-ef0302585716"},"done":false}
[debug] [2026-08-23T12:16:33.234Z] [update-default-europe-west1-checkLotteryResults] Retrying task index 0
[debug] [2026-08-23T12:16:33.234Z] Checked if tokens are valid: true, expires at: 1787488981891
[debug] [2026-08-23T12:16:33.234Z] Checked if tokens are valid: true, expires at: 1787488981891
[debug] [2026-08-23T12:16:33.234Z] >>> [apiv2][query] GET https://cloudfunctions.googleapis.com/v2/projects/loto-hot/locations/europe-west1/operations/operation-1787487354982-659b5d4d59172-86cd01eb-a05ab625 [none]
[debug] [2026-08-23T12:16:33.670Z] <<< [apiv2][status] GET https://cloudfunctions.googleapis.com/v2/projects/loto-hot/locations/europe-west1/operations/operation-1787487354982-659b5d4d59172-86cd01eb-a05ab625 200
[debug] [2026-08-23T12:16:33.670Z] <<< [apiv2][body] GET https://cloudfunctions.googleapis.com/v2/projects/loto-hot/locations/europe-west1/operations/operation-1787487354982-659b5d4d59172-86cd01eb-a05ab625 {"name":"projects/loto-hot/locations/europe-west1/operations/operation-1787487354982-659b5d4d59172-86cd01eb-a05ab625","metadata":{"@type":"type.googleapis.com/google.cloud.functions.v2.OperationMetadata","createTime":"2026-08-23T12:15:55.984687682Z","target":"projects/loto-hot/locations/europe-west1/functions/checkLotteryResults","verb":"update","cancelRequested":false,"apiVersion":"v2","requestResource":{"@type":"type.googleapis.com/google.cloud.functions.v2.Function","name":"projects/loto-hot/locations/europe-west1/functions/checkLotteryResults","buildConfig":{"runtime":"nodejs22","entryPoint":"checkLotteryResults","source":{"storageSource":{"bucket":"gcf-v2-sources-1078323335501-europe-west1","object":"checkLotteryResults/function-source.zip","generation":"1787487355943289"}},"environmentVariables":{"GOOGLE_NODE_RUN_SCRIPTS":""},"dockerRepository":"projects/loto-hot/locations/europe-west1/repositories/gcf-artifacts","sourceProvenance":{"resolvedStorageSource":{"bucket":"gcf-v2-sources-1078323335501-europe-west1","object":"checkLotteryResults/function-source.zip","generation":"1787485862955184"}},"dockerRegistry":"ARTIFACT_REGISTRY","serviceAccount":"projects/loto-hot/serviceAccounts/1078323335501-compute@developer.gserviceaccount.com","automaticUpdatePolicy":{}},"serviceConfig":{"service":"projects/loto-hot/locations/europe-west1/services/checklotteryresults","timeoutSeconds":120,"environmentVariables":{"FIREBASE_CONFIG":"{\"projectId\":\"loto-hot\",\"databaseURL\":\"https://loto-hot-default-rtdb.firebaseio.com\",\"storageBucket\":\"loto-hot.firebasestorage.app\"}","GCLOUD_PROJECT":"loto-hot","EVENTARC_CLOUD_EVENT_SOURCE":"projects/loto-hot/locations/europe-west1/services/checkLotteryResults","FUNCTION_REGION":"europe-west1","FUNCTION_TARGET":"checkLotteryResults","LOG_EXECUTION_ID":"true"},"ingressSettings":"ALLOW_ALL","uri":"https://checklotteryresults-3xxnxk3bwa-ew.a.run.app","serviceAccountEmail":"1078323335501-compute@developer.gserviceaccount.com","availableMemory":"256Mi","allTrafficOnLatestRevision":true,"revision":"checklotteryresults-00001-rix","maxInstanceRequestConcurrency":80,"availableCpu":"1"},"state":"ACTIVE","labels":{"deployment-tool":"cloudfunctions","deployment-scheduled":"true","firebase-functions-hash":"01a8a8309889e46eb9d95e1ce553c179dab021f9"},"environment":"GEN_2","url":"https://europe-west1-loto-hot.cloudfunctions.net/checkLotteryResults","satisfiesPzi":true},"stages":[{"name":"BUILD","message":"Build in progress","state":"IN_PROGRESS","resource":"projects/1078323335501/locations/europe-west1/builds/9a7fc8d5-8d73-4c1d-998d-ef0302585716","resourceUri":"https://console.cloud.google.com/cloud-build/builds;region=europe-west1/9a7fc8d5-8d73-4c1d-998d-ef0302585716?project=1078323335501"},{"name":"SERVICE","state":"NOT_STARTED"}],"operationType":"UPDATE_FUNCTION","buildName":"projects/1078323335501/locations/europe-west1/builds/9a7fc8d5-8d73-4c1d-998d-ef0302585716"},"done":false}
[debug] [2026-08-23T12:16:43.672Z] [update-default-europe-west1-checkLotteryResults] Retrying task index 0
[debug] [2026-08-23T12:16:43.672Z] Checked if tokens are valid: true, expires at: 1787488981891
[debug] [2026-08-23T12:16:43.672Z] Checked if tokens are valid: true, expires at: 1787488981891
[debug] [2026-08-23T12:16:43.673Z] >>> [apiv2][query] GET https://cloudfunctions.googleapis.com/v2/projects/loto-hot/locations/europe-west1/operations/operation-1787487354982-659b5d4d59172-86cd01eb-a05ab625 [none]
[debug] [2026-08-23T12:16:43.986Z] <<< [apiv2][status] GET https://cloudfunctions.googleapis.com/v2/projects/loto-hot/locations/europe-west1/operations/operation-1787487354982-659b5d4d59172-86cd01eb-a05ab625 200
[debug] [2026-08-23T12:16:43.987Z] <<< [apiv2][body] GET https://cloudfunctions.googleapis.com/v2/projects/loto-hot/locations/europe-west1/operations/operation-1787487354982-659b5d4d59172-86cd01eb-a05ab625 {"name":"projects/loto-hot/locations/europe-west1/operations/operation-1787487354982-659b5d4d59172-86cd01eb-a05ab625","metadata":{"@type":"type.googleapis.com/google.cloud.functions.v2.OperationMetadata","createTime":"2026-08-23T12:15:55.984687682Z","target":"projects/loto-hot/locations/europe-west1/functions/checkLotteryResults","verb":"update","cancelRequested":false,"apiVersion":"v2","requestResource":{"@type":"type.googleapis.com/google.cloud.functions.v2.Function","name":"projects/loto-hot/locations/europe-west1/functions/checkLotteryResults","buildConfig":{"runtime":"nodejs22","entryPoint":"checkLotteryResults","source":{"storageSource":{"bucket":"gcf-v2-sources-1078323335501-europe-west1","object":"checkLotteryResults/function-source.zip","generation":"1787487355943289"}},"environmentVariables":{"GOOGLE_NODE_RUN_SCRIPTS":""},"dockerRepository":"projects/loto-hot/locations/europe-west1/repositories/gcf-artifacts","sourceProvenance":{"resolvedStorageSource":{"bucket":"gcf-v2-sources-1078323335501-europe-west1","object":"checkLotteryResults/function-source.zip","generation":"1787485862955184"}},"dockerRegistry":"ARTIFACT_REGISTRY","serviceAccount":"projects/loto-hot/serviceAccounts/1078323335501-compute@developer.gserviceaccount.com","automaticUpdatePolicy":{}},"serviceConfig":{"service":"projects/loto-hot/locations/europe-west1/services/checklotteryresults","timeoutSeconds":120,"environmentVariables":{"FIREBASE_CONFIG":"{\"projectId\":\"loto-hot\",\"databaseURL\":\"https://loto-hot-default-rtdb.firebaseio.com\",\"storageBucket\":\"loto-hot.firebasestorage.app\"}","GCLOUD_PROJECT":"loto-hot","EVENTARC_CLOUD_EVENT_SOURCE":"projects/loto-hot/locations/europe-west1/services/checkLotteryResults","FUNCTION_REGION":"europe-west1","FUNCTION_TARGET":"checkLotteryResults","LOG_EXECUTION_ID":"true"},"ingressSettings":"ALLOW_ALL","uri":"https://checklotteryresults-3xxnxk3bwa-ew.a.run.app","serviceAccountEmail":"1078323335501-compute@developer.gserviceaccount.com","availableMemory":"256Mi","allTrafficOnLatestRevision":true,"revision":"checklotteryresults-00001-rix","maxInstanceRequestConcurrency":80,"availableCpu":"1"},"state":"ACTIVE","labels":{"deployment-tool":"cloudfunctions","deployment-scheduled":"true","firebase-functions-hash":"01a8a8309889e46eb9d95e1ce553c179dab021f9"},"environment":"GEN_2","url":"https://europe-west1-loto-hot.cloudfunctions.net/checkLotteryResults","satisfiesPzi":true},"stages":[{"name":"BUILD","message":"Build in progress","state":"IN_PROGRESS","resource":"projects/1078323335501/locations/europe-west1/builds/9a7fc8d5-8d73-4c1d-998d-ef0302585716","resourceUri":"https://console.cloud.google.com/cloud-build/builds;region=europe-west1/9a7fc8d5-8d73-4c1d-998d-ef0302585716?project=1078323335501"},{"name":"SERVICE","state":"NOT_STARTED"}],"operationType":"UPDATE_FUNCTION","buildName":"projects/1078323335501/locations/europe-west1/builds/9a7fc8d5-8d73-4c1d-998d-ef0302585716"},"done":false}
[debug] [2026-08-23T12:16:53.988Z] [update-default-europe-west1-checkLotteryResults] Retrying task index 0
[debug] [2026-08-23T12:16:53.989Z] Checked if tokens are valid: true, expires at: 1787488981891
[debug] [2026-08-23T12:16:53.989Z] Checked if tokens are valid: true, expires at: 1787488981891
[debug] [2026-08-23T12:16:53.989Z] >>> [apiv2][query] GET https://cloudfunctions.googleapis.com/v2/projects/loto-hot/locations/europe-west1/operations/operation-1787487354982-659b5d4d59172-86cd01eb-a05ab625 [none]
[debug] [2026-08-23T12:16:54.342Z] <<< [apiv2][status] GET https://cloudfunctions.googleapis.com/v2/projects/loto-hot/locations/europe-west1/operations/operation-1787487354982-659b5d4d59172-86cd01eb-a05ab625 200
[debug] [2026-08-23T12:16:54.342Z] <<< [apiv2][body] GET https://cloudfunctions.googleapis.com/v2/projects/loto-hot/locations/europe-west1/operations/operation-1787487354982-659b5d4d59172-86cd01eb-a05ab625 {"name":"projects/loto-hot/locations/europe-west1/operations/operation-1787487354982-659b5d4d59172-86cd01eb-a05ab625","metadata":{"@type":"type.googleapis.com/google.cloud.functions.v2.OperationMetadata","createTime":"2026-08-23T12:15:55.984687682Z","target":"projects/loto-hot/locations/europe-west1/functions/checkLotteryResults","verb":"update","cancelRequested":false,"apiVersion":"v2","requestResource":{"@type":"type.googleapis.com/google.cloud.functions.v2.Function","name":"projects/loto-hot/locations/europe-west1/functions/checkLotteryResults","buildConfig":{"runtime":"nodejs22","entryPoint":"checkLotteryResults","source":{"storageSource":{"bucket":"gcf-v2-sources-1078323335501-europe-west1","object":"checkLotteryResults/function-source.zip","generation":"1787487355943289"}},"environmentVariables":{"GOOGLE_NODE_RUN_SCRIPTS":""},"dockerRepository":"projects/loto-hot/locations/europe-west1/repositories/gcf-artifacts","sourceProvenance":{"resolvedStorageSource":{"bucket":"gcf-v2-sources-1078323335501-europe-west1","object":"checkLotteryResults/function-source.zip","generation":"1787485862955184"}},"dockerRegistry":"ARTIFACT_REGISTRY","serviceAccount":"projects/loto-hot/serviceAccounts/1078323335501-compute@developer.gserviceaccount.com","automaticUpdatePolicy":{}},"serviceConfig":{"service":"projects/loto-hot/locations/europe-west1/services/checklotteryresults","timeoutSeconds":120,"environmentVariables":{"FIREBASE_CONFIG":"{\"projectId\":\"loto-hot\",\"databaseURL\":\"https://loto-hot-default-rtdb.firebaseio.com\",\"storageBucket\":\"loto-hot.firebasestorage.app\"}","GCLOUD_PROJECT":"loto-hot","EVENTARC_CLOUD_EVENT_SOURCE":"projects/loto-hot/locations/europe-west1/services/checkLotteryResults","FUNCTION_REGION":"europe-west1","FUNCTION_TARGET":"checkLotteryResults","LOG_EXECUTION_ID":"true"},"ingressSettings":"ALLOW_ALL","uri":"https://checklotteryresults-3xxnxk3bwa-ew.a.run.app","serviceAccountEmail":"1078323335501-compute@developer.gserviceaccount.com","availableMemory":"256Mi","allTrafficOnLatestRevision":true,"revision":"checklotteryresults-00001-rix","maxInstanceRequestConcurrency":80,"availableCpu":"1"},"state":"ACTIVE","labels":{"deployment-tool":"cloudfunctions","deployment-scheduled":"true","firebase-functions-hash":"01a8a8309889e46eb9d95e1ce553c179dab021f9"},"environment":"GEN_2","url":"https://europe-west1-loto-hot.cloudfunctions.net/checkLotteryResults","satisfiesPzi":true},"stages":[{"name":"BUILD","message":"Build finished","state":"COMPLETE","resource":"projects/1078323335501/locations/europe-west1/builds/9a7fc8d5-8d73-4c1d-998d-ef0302585716","resourceUri":"https://console.cloud.google.com/cloud-build/builds;region=europe-west1/9a7fc8d5-8d73-4c1d-998d-ef0302585716?project=1078323335501"},{"name":"SERVICE","message":"Updating Cloud Run service","state":"IN_PROGRESS","resource":"projects/loto-hot/locations/europe-west1/services/checklotteryresults","resourceUri":"https://console.cloud.google.com/run/detail/europe-west1/checklotteryresults?project=loto-hot","stateMessages":[{"severity":"INFO","type":"CloudRunServiceNewRevisionTrafficInfo","message":"A new revision will be deployed serving with 100% traffic."}]}],"sourceToken":"Cllwcm9qZWN0cy8xMDc4MzIzMzM1NTAxL2xvY2F0aW9ucy9ldXJvcGUtd2VzdDEvYnVpbGRzLzlhN2ZjOGQ1LThkNzMtNGMxZC05OThkLWVmMDMwMjU4NTcxNhJsZXVyb3BlLXdlc3QxLWRvY2tlci5wa2cuZGV2L2xvdG8taG90L2djZi1hcnRpZmFjdHMvbG90by0taG90X19ldXJvcGUtLXdlc3QxX19jaGVja19sb3R0ZXJ5X3Jlc3VsdHM6dmVyc2lvbl8xGM2i0YixHyJGcHJvamVjdHMvbG90by1ob3QvbG9jYXRpb25zL2V1cm9wZS13ZXN0MS9mdW5jdGlvbnMvY2hlY2tMb3R0ZXJ5UmVzdWx0cyoLCLDJq9QGENj92mUyCG5vZGVqczIyOncKI2djci5pby9nYWUtcnVudGltZXMvbm9kZWpzMjI6c3RhYmxlElBldXJvcGUtd2VzdDEtZG9ja2VyLnBrZy5kZXYvc2VydmVybGVzcy1ydW50aW1lcy9nb29nbGUtMjItZnVsbC9ydW50aW1lcy9ub2RlanMyMkAB","operationType":"UPDATE_FUNCTION","buildName":"projects/1078323335501/locations/europe-west1/builds/9a7fc8d5-8d73-4c1d-998d-ef0302585716"},"done":false}
[debug] [2026-08-23T12:16:54.342Z] Got source token Cllwcm9qZWN0cy8xMDc4MzIzMzM1NTAxL2xvY2F0aW9ucy9ldXJvcGUtd2VzdDEvYnVpbGRzLzlhN2ZjOGQ1LThkNzMtNGMxZC05OThkLWVmMDMwMjU4NTcxNhJsZXVyb3BlLXdlc3QxLWRvY2tlci5wa2cuZGV2L2xvdG8taG90L2djZi1hcnRpZmFjdHMvbG90by0taG90X19ldXJvcGUtLXdlc3QxX19jaGVja19sb3R0ZXJ5X3Jlc3VsdHM6dmVyc2lvbl8xGM2i0YixHyJGcHJvamVjdHMvbG90by1ob3QvbG9jYXRpb25zL2V1cm9wZS13ZXN0MS9mdW5jdGlvbnMvY2hlY2tMb3R0ZXJ5UmVzdWx0cyoLCLDJq9QGENj92mUyCG5vZGVqczIyOncKI2djci5pby9nYWUtcnVudGltZXMvbm9kZWpzMjI6c3RhYmxlElBldXJvcGUtd2VzdDEtZG9ja2VyLnBrZy5kZXYvc2VydmVybGVzcy1ydW50aW1lcy9nb29nbGUtMjItZnVsbC9ydW50aW1lcy9ub2RlanMyMkAB for region europe-west1
